2026-06-26 19:26:22,420 - curvature_pipeline - INFO - --- Using Custom Config: /Users/jiyunlee/Desktop/project/curvature/configs/temp_config_corum_min_3.json ---
2026-06-26 19:26:22,420 - curvature_pipeline - INFO - --- Phase 0: Preflight Checks ---
2026-06-26 19:26:22,420 - curvature_pipeline - INFO - Preflight complete. All required files found.
2026-06-26 19:26:22,420 - curvature_pipeline - INFO - --- Phase 1: First Pass & Data Audit ---
2026-06-26 19:26:36,031 - curvature_lib - INFO -   - Computing HLRC for 2383 hyperedges...
2026-06-26 19:26:36,085 - curvature_pipeline - INFO - Phase 1 complete.
2026-06-26 19:26:36,098 - curvature_pipeline - INFO - --- Phase 2: Building External Topologies ---
2026-06-26 19:26:41,332 - curvature_lib - INFO -   - Finding maximal cliques for 10315 nodes and 79290 edges (backbone=False)...
2026-06-26 19:26:43,227 - curvature_lib - INFO -   - Computing HLRC for 16693 hyperedges...
2026-06-26 19:26:43,877 - curvature_lib - INFO -   - Computing HLRC for 773 hyperedges...
2026-06-26 19:26:44,005 - curvature_pipeline - INFO - Phase 2 complete.
2026-06-26 19:26:44,010 - curvature_pipeline - INFO - --- Phase 3: Systematic Discovery ---
2026-06-26 19:26:44,579 - curvature_pipeline - INFO -   - Filtering 18531 pan-essential genes from partners.
2026-06-26 19:26:50,272 - curvature_pipeline - INFO - Phase 3 complete.
2026-06-26 19:26:50,275 - curvature_pipeline - INFO - --- Phase 4: Topology Replication Evaluation ---
2026-06-26 19:26:55,430 - curvature_pipeline - INFO - Phase 4 complete.
2026-06-26 19:26:55,476 - curvature_pipeline - INFO - --- Phase 5: Phase 13 Cross-Topology Audit ---
2026-06-26 19:26:55,500 - curvature_lib - INFO -   - Smoke test passed for Threshold-passing discovery pairs (229 rows)
2026-06-26 19:26:55,550 - curvature_lib - INFO -   - Smoke test passed for Overlap families (11 rows)
2026-06-26 19:26:55,551 - curvature_pipeline - INFO - Phase 5 complete. Found 11 cross-topology overlap families.
2026-06-26 19:26:55,554 - curvature_pipeline - INFO - --- Phase 6: Tight Null Framework & Defensive Ablations ---
2026-06-26 19:26:55,757 - curvature_pipeline - INFO -   - Null 1: Feature-Matched KDTree Multiple Testing (N=1000 base, adaptive up to 10000)...
2026-06-26 19:26:55,757 - curvature_pipeline - INFO -     - Testing metric: min_hlrc...
2026-06-26 19:26:55,793 - curvature_lib - INFO -     - Adaptive step: p_est=0.0390 < 0.05, ramping to 10000 iterations...
2026-06-26 19:26:55,804 - curvature_pipeline - INFO -     - Testing metric: median_hlrc...
2026-06-26 19:26:55,841 - curvature_pipeline - INFO -     - Testing metric: mean_hlrc...
2026-06-26 19:26:55,877 - curvature_pipeline - INFO -     - Testing metric: min_hfrc...
2026-06-26 19:26:55,914 - curvature_pipeline - INFO -     - Testing metric: median_hfrc...
2026-06-26 19:26:55,951 - curvature_pipeline - INFO -     - Testing metric: mean_hfrc...
2026-06-26 19:26:55,988 - curvature_pipeline - INFO -     - Primary Endpoint (min_hlrc) P-value: 0.037196280371962806
2026-06-26 19:26:55,988 - curvature_pipeline - INFO -     - Secondary Exploratory Metrics (Holm-Adjusted P-values): {'median_hlrc': 0.2947052947052947, 'mean_hlrc': 0.3996003996003996, 'min_hfrc': 1.0, 'median_hfrc': 1.0, 'mean_hfrc': 1.0}
2026-06-26 19:26:55,988 - curvature_pipeline - INFO -   - Null 1b: Running Jackknife / LOFO analysis on min_hlrc to assess fragility...
2026-06-26 19:26:55,988 - curvature_pipeline - INFO -     - LOFO: Dropping AP3B2:AP3M2...
2026-06-26 19:26:56,033 - curvature_pipeline - INFO -     - LOFO: Dropping APC:CTNNB1...
2026-06-26 19:26:56,078 - curvature_pipeline - INFO -     - LOFO: Dropping BRAF:MAP2K1...
2026-06-26 19:26:56,121 - curvature_lib - INFO -     - Adaptive step: p_est=0.0370 < 0.05, ramping to 10000 iterations...
2026-06-26 19:26:56,132 - curvature_pipeline - INFO -     - LOFO: Dropping CD151:ITGA6...
2026-06-26 19:26:56,177 - curvature_pipeline - INFO -     - LOFO: Dropping CREBBP:EP300...
2026-06-26 19:26:56,221 - curvature_lib - INFO -     - Adaptive step: p_est=0.0470 < 0.05, ramping to 10000 iterations...
2026-06-26 19:26:56,232 - curvature_pipeline - INFO -     - LOFO: Dropping CTNNB1:TCF7L2...
2026-06-26 19:26:56,275 - curvature_lib - INFO -     - Adaptive step: p_est=0.0440 < 0.05, ramping to 10000 iterations...
2026-06-26 19:26:56,286 - curvature_pipeline - INFO -     - LOFO: Dropping DCP2:XRN1...
2026-06-26 19:26:56,330 - curvature_lib - INFO -     - Adaptive step: p_est=0.0470 < 0.05, ramping to 10000 iterations...
2026-06-26 19:26:56,341 - curvature_pipeline - INFO -     - LOFO: Dropping IFT122:WDR35...
2026-06-26 19:26:56,384 - curvature_lib - INFO -     - Adaptive step: p_est=0.0040 < 0.05, ramping to 10000 iterations...
2026-06-26 19:26:56,395 - curvature_pipeline - INFO -     - LOFO: Dropping IL2:IL2RG...
2026-06-26 19:26:56,439 - curvature_lib - INFO -     - Adaptive step: p_est=0.0220 < 0.05, ramping to 10000 iterations...
2026-06-26 19:26:56,450 - curvature_pipeline - INFO -     - LOFO: Dropping NRAS:SHOC2...
2026-06-26 19:26:56,493 - curvature_lib - INFO -     - Adaptive step: p_est=0.0460 < 0.05, ramping to 10000 iterations...
2026-06-26 19:26:56,504 - curvature_pipeline - INFO -     - LOFO: Dropping SMARCA2:SMARCA4...
2026-06-26 19:26:56,550 - curvature_pipeline - INFO -     - LOFO P-value range: 0.0070 to 0.0859
2026-06-26 19:26:56,550 - curvature_pipeline - INFO -   - Null 2: Simple Random Matching (No features)...
2026-06-26 19:26:58,790 - curvature_pipeline - INFO -   - Null 3: Ablation vs. Hyperedge Size...
2026-06-26 19:26:58,826 - curvature_pipeline - INFO -   - Null 4: Ablation vs. Max Node Degree...
2026-06-26 19:26:58,863 - curvature_pipeline - INFO -   - Null 5: Feature Ablations...
2026-06-26 19:26:58,863 - curvature_pipeline - INFO -     - Dropping log_pair_hyperedge_count...
2026-06-26 19:26:58,899 - curvature_pipeline - INFO -     - Dropping log_pair_max_node_degree...
2026-06-26 19:26:58,933 - curvature_pipeline - INFO -     - Dropping log_mean_edge_node_degree...
2026-06-26 19:26:58,967 - curvature_pipeline - INFO -     - Dropping mean_pair_essentiality...
2026-06-26 19:26:58,999 - curvature_pipeline - INFO -     - Dropping log_mean_hyperedge_size...
2026-06-26 19:26:59,033 - curvature_pipeline - INFO -   - Null 6: Bipartite Topology Control (Shuffle)...
2026-06-26 19:27:57,637 - curvature_lib - INFO -   - Computing HLRC for 16693 hyperedges...
2026-06-26 19:27:59,055 - curvature_pipeline - INFO -   - Generating Null Calibration Plot...
2026-06-26 19:27:59,357 - curvature_pipeline - INFO - Phase 6 complete. Primary Endpoint (FM) P = 0.03720
2026-06-26 19:27:59,432 - curvature_pipeline - INFO - --- Phase 7: Sensitivity Analysis (Backbone On) ---
2026-06-26 19:28:02,340 - curvature_lib - INFO -   - Finding maximal cliques for 10315 nodes and 79290 edges (backbone=True)...
2026-06-26 19:28:08,812 - curvature_lib - INFO -   - Computing HLRC for 95983 hyperedges...
2026-06-26 19:28:12,769 - curvature_pipeline - INFO -   - Sensitivity (Backbone ON) Mean HLRC: Overlap=-0.584, Background=-0.261
2026-06-26 19:28:12,769 - curvature_pipeline - INFO - Phase 7 complete.
2026-06-26 19:28:13,018 - curvature_pipeline - INFO - --- Phase 8: Tiered Validation Layers (Patient & Pharmacologic) ---
2026-06-26 19:28:13,019 - curvature_pipeline - INFO -     - Calculating TMB, Driver Co-occurrences, and cleaning clinical covariates...
2026-06-26 19:28:13,019 - curvature_pipeline - INFO - 
  - Tier 1: Executing TCGA Survival Cox PH Hazards Bridge.
2026-06-26 19:28:13,500 - curvature_pipeline - INFO -     - TCGA bridge complete (0 nominally significant survival associations found).
2026-06-26 19:28:13,502 - curvature_pipeline - INFO -     - Schoenfeld diagnostics saved; PH flags observed in 1 cohort(s).
2026-06-26 19:28:13,502 - curvature_pipeline - INFO - 
  - Tier 2: Validating via Independent Sanger/COSMIC Cohorts...
2026-06-26 19:28:37,245 - curvature_pipeline - INFO -     - Sanger replication complete (9/10 concordant pairs).
2026-06-26 19:28:37,246 - curvature_pipeline - INFO - 
  - Tier 3: Evaluating Pharmacologic Selectivity via PRISM...
2026-06-26 19:28:38,449 - curvature_pipeline - INFO -     - PRISM bridge complete (12 nominal, 12 FDR-significant).
2026-06-26 19:28:38,449 - curvature_pipeline - INFO - 
Phase 8 complete.
2026-06-26 19:28:38,461 - curvature_pipeline - INFO - 
--- REPRODUCIBILITY COMPLETE ---
2026-06-26 19:28:38,461 - curvature_pipeline - INFO - Primary Endpoint: results/tables/tight_null_framework_summary.parquet
