2026-06-26 19:16:29,919 - curvature_robustness - INFO - 
>>> Running Robustness Experiment: min_mut_5
2026-06-26 19:16:29,919 - curvature_robustness - INFO -   - Executing Pipeline with /Users/jiyunlee/Desktop/project/curvature/configs/temp_config_min_mut_5.json...
2026-06-26 19:16:31,388 - curvature_robustness - INFO -     [Pipeline] 2026-06-26 19:16:31,388 - curvature_pipeline - INFO - --- Using Custom Config: /Users/jiyunlee/Desktop/project/curvature/configs/temp_config_min_mut_5.json ---
2026-06-26 19:16:31,388 - curvature_robustness - INFO -     [Pipeline] 2026-06-26 19:16:31,388 - curvature_pipeline - INFO - --- Phase 0: Preflight Checks ---
2026-06-26 19:16:31,388 - curvature_robustness - INFO -     [Pipeline] 2026-06-26 19:16:31,388 - curvature_pipeline - INFO - Preflight complete. All required files found.
2026-06-26 19:16:31,388 - curvature_robustness - INFO -     [Pipeline] 2026-06-26 19:16:31,388 - curvature_pipeline - INFO - --- Phase 1: First Pass & Data Audit ---
2026-06-26 19:16:44,970 - curvature_robustness - INFO -     [Pipeline] 2026-06-26 19:16:44,970 - curvature_lib - INFO -   - Computing HLRC for 4985 hyperedges...
2026-06-26 19:16:45,073 - curvature_robustness - INFO -     [Pipeline] 2026-06-26 19:16:45,073 - curvature_pipeline - INFO - Phase 1 complete.
2026-06-26 19:16:45,088 - curvature_robustness - INFO -     [Pipeline] 2026-06-26 19:16:45,088 - curvature_pipeline - INFO - --- Phase 2: Building External Topologies ---
2026-06-26 19:16:50,249 - curvature_robustness - INFO -     [Pipeline] 2026-06-26 19:16:50,248 - curvature_lib - INFO -   - Finding maximal cliques for 10315 nodes and 79290 edges (backbone=False)...
2026-06-26 19:16:52,040 - curvature_robustness - INFO -     [Pipeline] 2026-06-26 19:16:52,039 - curvature_lib - INFO -   - Computing HLRC for 16693 hyperedges...
2026-06-26 19:16:52,787 - curvature_robustness - INFO -     [Pipeline] 2026-06-26 19:16:52,787 - curvature_lib - INFO -   - Computing HLRC for 773 hyperedges...
2026-06-26 19:16:52,918 - curvature_robustness - INFO -     [Pipeline] 2026-06-26 19:16:52,918 - curvature_pipeline - INFO - Phase 2 complete.
2026-06-26 19:16:52,923 - curvature_robustness - INFO -     [Pipeline] 2026-06-26 19:16:52,922 - curvature_pipeline - INFO - --- Phase 3: Systematic Discovery ---
2026-06-26 19:16:53,511 - curvature_robustness - INFO -     [Pipeline] 2026-06-26 19:16:53,511 - curvature_pipeline - INFO -   - Filtering 18531 pan-essential genes from partners.
2026-06-26 19:16:59,484 - curvature_robustness - INFO -     [Pipeline] 2026-06-26 19:16:59,484 - curvature_pipeline - INFO - Phase 3 complete.
2026-06-26 19:16:59,486 - curvature_robustness - INFO -     [Pipeline] 2026-06-26 19:16:59,486 - curvature_pipeline - INFO - --- Phase 4: Topology Replication Evaluation ---
2026-06-26 19:17:04,678 - curvature_robustness - INFO -     [Pipeline] 2026-06-26 19:17:04,678 - curvature_pipeline - INFO - Phase 4 complete.
2026-06-26 19:17:04,721 - curvature_robustness - INFO -     [Pipeline] 2026-06-26 19:17:04,721 - curvature_pipeline - INFO - --- Phase 5: Phase 13 Cross-Topology Audit ---
2026-06-26 19:17:04,743 - curvature_robustness - INFO -     [Pipeline] 2026-06-26 19:17:04,743 - curvature_lib - INFO -   - Smoke test passed for Threshold-passing discovery pairs (229 rows)
2026-06-26 19:17:04,795 - curvature_robustness - INFO -     [Pipeline] 2026-06-26 19:17:04,794 - curvature_lib - INFO -   - Smoke test passed for Overlap families (11 rows)
2026-06-26 19:17:04,796 - curvature_robustness - INFO -     [Pipeline] 2026-06-26 19:17:04,796 - curvature_pipeline - INFO - Phase 5 complete. Found 11 cross-topology overlap families.
2026-06-26 19:17:04,799 - curvature_robustness - INFO -     [Pipeline] 2026-06-26 19:17:04,799 - curvature_pipeline - INFO - --- Phase 6: Tight Null Framework & Defensive Ablations ---
2026-06-26 19:17:04,973 - curvature_robustness - INFO -     [Pipeline] 2026-06-26 19:17:04,973 - curvature_pipeline - INFO -   - Null 1: Feature-Matched KDTree Multiple Testing (N=1000 base, adaptive up to 10000)...
2026-06-26 19:17:04,973 - curvature_robustness - INFO -     [Pipeline] 2026-06-26 19:17:04,973 - curvature_pipeline - INFO -     - Testing metric: min_hlrc...
2026-06-26 19:17:05,012 - curvature_robustness - INFO -     [Pipeline] 2026-06-26 19:17:05,012 - curvature_lib - INFO -     - Adaptive step: p_est=0.0380 < 0.05, ramping to 10000 iterations...
2026-06-26 19:17:05,024 - curvature_robustness - INFO -     [Pipeline] 2026-06-26 19:17:05,024 - curvature_pipeline - INFO -     - Testing metric: median_hlrc...
2026-06-26 19:17:05,061 - curvature_robustness - INFO -     [Pipeline] 2026-06-26 19:17:05,061 - curvature_pipeline - INFO -     - Testing metric: mean_hlrc...
2026-06-26 19:17:05,098 - curvature_robustness - INFO -     [Pipeline] 2026-06-26 19:17:05,098 - curvature_pipeline - INFO -     - Testing metric: min_hfrc...
2026-06-26 19:17:05,135 - curvature_robustness - INFO -     [Pipeline] 2026-06-26 19:17:05,135 - curvature_pipeline - INFO -     - Testing metric: median_hfrc...
2026-06-26 19:17:05,172 - curvature_robustness - INFO -     [Pipeline] 2026-06-26 19:17:05,172 - curvature_pipeline - INFO -     - Testing metric: mean_hfrc...
2026-06-26 19:17:05,210 - curvature_robustness - INFO -     [Pipeline] 2026-06-26 19:17:05,209 - curvature_pipeline - INFO -     - Primary Endpoint (min_hlrc) P-value: 0.03519648035196481
2026-06-26 19:17:05,210 - curvature_robustness - INFO -     [Pipeline] 2026-06-26 19:17:05,210 - curvature_pipeline - INFO -     - Secondary Exploratory Metrics (Holm-Adjusted P-values): {'median_hlrc': 0.2697302697302697, 'mean_hlrc': 0.37962037962037964, 'min_hfrc': 1.0, 'median_hfrc': 1.0, 'mean_hfrc': 1.0}
2026-06-26 19:17:05,210 - curvature_robustness - INFO -     [Pipeline] 2026-06-26 19:17:05,210 - curvature_pipeline - INFO -   - Null 1b: Running Jackknife / LOFO analysis on min_hlrc to assess fragility...
2026-06-26 19:17:05,210 - curvature_robustness - INFO -     [Pipeline] 2026-06-26 19:17:05,210 - curvature_pipeline - INFO -     - LOFO: Dropping AP3B2:AP3M2...
2026-06-26 19:17:05,255 - curvature_robustness - INFO -     [Pipeline] 2026-06-26 19:17:05,255 - curvature_pipeline - INFO -     - LOFO: Dropping APC:CTNNB1...
2026-06-26 19:17:05,299 - curvature_robustness - INFO -     [Pipeline] 2026-06-26 19:17:05,299 - curvature_lib - INFO -     - Adaptive step: p_est=0.0340 < 0.05, ramping to 10000 iterations...
2026-06-26 19:17:05,311 - curvature_robustness - INFO -     [Pipeline] 2026-06-26 19:17:05,310 - curvature_pipeline - INFO -     - LOFO: Dropping BRAF:MAP2K1...
2026-06-26 19:17:05,354 - curvature_robustness - INFO -     [Pipeline] 2026-06-26 19:17:05,354 - curvature_lib - INFO -     - Adaptive step: p_est=0.0320 < 0.05, ramping to 10000 iterations...
2026-06-26 19:17:05,365 - curvature_robustness - INFO -     [Pipeline] 2026-06-26 19:17:05,365 - curvature_pipeline - INFO -     - LOFO: Dropping CD151:ITGA6...
2026-06-26 19:17:05,411 - curvature_robustness - INFO -     [Pipeline] 2026-06-26 19:17:05,411 - curvature_pipeline - INFO -     - LOFO: Dropping CREBBP:EP300...
2026-06-26 19:17:05,456 - curvature_robustness - INFO -     [Pipeline] 2026-06-26 19:17:05,456 - curvature_pipeline - INFO -     - LOFO: Dropping CTNNB1:TCF7L2...
2026-06-26 19:17:05,499 - curvature_robustness - INFO -     [Pipeline] 2026-06-26 19:17:05,499 - curvature_lib - INFO -     - Adaptive step: p_est=0.0360 < 0.05, ramping to 10000 iterations...
2026-06-26 19:17:05,511 - curvature_robustness - INFO -     [Pipeline] 2026-06-26 19:17:05,511 - curvature_pipeline - INFO -     - LOFO: Dropping DCP2:XRN1...
2026-06-26 19:17:05,554 - curvature_robustness - INFO -     [Pipeline] 2026-06-26 19:17:05,554 - curvature_lib - INFO -     - Adaptive step: p_est=0.0500 < 0.05, ramping to 10000 iterations...
2026-06-26 19:17:05,565 - curvature_robustness - INFO -     [Pipeline] 2026-06-26 19:17:05,565 - curvature_pipeline - INFO -     - LOFO: Dropping IFT122:WDR35...
2026-06-26 19:17:05,609 - curvature_robustness - INFO -     [Pipeline] 2026-06-26 19:17:05,608 - curvature_lib - INFO -     - Adaptive step: p_est=0.0050 < 0.05, ramping to 10000 iterations...
2026-06-26 19:17:05,620 - curvature_robustness - INFO -     [Pipeline] 2026-06-26 19:17:05,620 - curvature_pipeline - INFO -     - LOFO: Dropping IL2:IL2RG...
2026-06-26 19:17:05,663 - curvature_robustness - INFO -     [Pipeline] 2026-06-26 19:17:05,663 - curvature_lib - INFO -     - Adaptive step: p_est=0.0170 < 0.05, ramping to 10000 iterations...
2026-06-26 19:17:05,675 - curvature_robustness - INFO -     [Pipeline] 2026-06-26 19:17:05,675 - curvature_pipeline - INFO -     - LOFO: Dropping NRAS:SHOC2...
2026-06-26 19:17:05,718 - curvature_robustness - INFO -     [Pipeline] 2026-06-26 19:17:05,718 - curvature_lib - INFO -     - Adaptive step: p_est=0.0430 < 0.05, ramping to 10000 iterations...
2026-06-26 19:17:05,729 - curvature_robustness - INFO -     [Pipeline] 2026-06-26 19:17:05,729 - curvature_pipeline - INFO -     - LOFO: Dropping SMARCA2:SMARCA4...
2026-06-26 19:17:05,777 - curvature_robustness - INFO -     [Pipeline] 2026-06-26 19:17:05,777 - curvature_pipeline - INFO -     - LOFO P-value range: 0.0061 to 0.0879
2026-06-26 19:17:05,777 - curvature_robustness - INFO -     [Pipeline] 2026-06-26 19:17:05,777 - curvature_pipeline - INFO -   - Null 2: Simple Random Matching (No features)...
2026-06-26 19:17:07,924 - curvature_robustness - INFO -     [Pipeline] 2026-06-26 19:17:07,924 - curvature_pipeline - INFO -   - Null 3: Ablation vs. Hyperedge Size...
2026-06-26 19:17:07,960 - curvature_robustness - INFO -     [Pipeline] 2026-06-26 19:17:07,960 - curvature_pipeline - INFO -   - Null 4: Ablation vs. Max Node Degree...
2026-06-26 19:17:07,997 - curvature_robustness - INFO -     [Pipeline] 2026-06-26 19:17:07,997 - curvature_pipeline - INFO -   - Null 5: Feature Ablations...
2026-06-26 19:17:07,997 - curvature_robustness - INFO -     [Pipeline] 2026-06-26 19:17:07,997 - curvature_pipeline - INFO -     - Dropping log_pair_hyperedge_count...
2026-06-26 19:17:08,035 - curvature_robustness - INFO -     [Pipeline] 2026-06-26 19:17:08,035 - curvature_pipeline - INFO -     - Dropping log_pair_max_node_degree...
2026-06-26 19:17:08,069 - curvature_robustness - INFO -     [Pipeline] 2026-06-26 19:17:08,069 - curvature_pipeline - INFO -     - Dropping log_mean_edge_node_degree...
2026-06-26 19:17:08,104 - curvature_robustness - INFO -     [Pipeline] 2026-06-26 19:17:08,103 - curvature_pipeline - INFO -     - Dropping mean_pair_essentiality...
2026-06-26 19:17:08,136 - curvature_robustness - INFO -     [Pipeline] 2026-06-26 19:17:08,135 - curvature_pipeline - INFO -     - Dropping log_mean_hyperedge_size...
2026-06-26 19:17:08,170 - curvature_robustness - INFO -     [Pipeline] 2026-06-26 19:17:08,170 - curvature_pipeline - INFO -   - Null 6: Bipartite Topology Control (Shuffle)...
2026-06-26 19:18:05,148 - curvature_robustness - INFO -     [Pipeline] 2026-06-26 19:18:05,147 - curvature_lib - INFO -   - Computing HLRC for 16693 hyperedges...
2026-06-26 19:18:06,442 - curvature_robustness - INFO -     [Pipeline] 2026-06-26 19:18:06,442 - curvature_pipeline - INFO -   - Generating Null Calibration Plot...
2026-06-26 19:18:06,761 - curvature_robustness - INFO -     [Pipeline] 2026-06-26 19:18:06,761 - curvature_pipeline - INFO - Phase 6 complete. Primary Endpoint (FM) P = 0.03520
2026-06-26 19:18:06,831 - curvature_robustness - INFO -     [Pipeline] 2026-06-26 19:18:06,831 - curvature_pipeline - INFO - --- Phase 7: Sensitivity Analysis (Backbone On) ---
2026-06-26 19:18:09,565 - curvature_robustness - INFO -     [Pipeline] 2026-06-26 19:18:09,565 - curvature_lib - INFO -   - Finding maximal cliques for 10315 nodes and 79290 edges (backbone=True)...
2026-06-26 19:18:15,901 - curvature_robustness - INFO -     [Pipeline] 2026-06-26 19:18:15,900 - curvature_lib - INFO -   - Computing HLRC for 95983 hyperedges...
2026-06-26 19:18:19,598 - curvature_robustness - INFO -     [Pipeline] 2026-06-26 19:18:19,597 - curvature_pipeline - INFO -   - Sensitivity (Backbone ON) Mean HLRC: Overlap=-0.584, Background=-0.261
2026-06-26 19:18:19,598 - curvature_robustness - INFO -     [Pipeline] 2026-06-26 19:18:19,598 - curvature_pipeline - INFO - Phase 7 complete.
2026-06-26 19:18:19,801 - curvature_robustness - INFO -     [Pipeline] 2026-06-26 19:18:19,801 - curvature_pipeline - INFO - --- Phase 8: Tiered Validation Layers (Patient & Pharmacologic) ---
2026-06-26 19:18:19,801 - curvature_robustness - INFO -     [Pipeline] 2026-06-26 19:18:19,801 - curvature_pipeline - INFO -     - Calculating TMB, Driver Co-occurrences, and cleaning clinical covariates...
2026-06-26 19:18:19,801 - curvature_robustness - INFO -     [Pipeline] 2026-06-26 19:18:19,801 - curvature_pipeline - INFO -
2026-06-26 19:18:19,801 - curvature_robustness - INFO -     [Pipeline] - Tier 1: Executing TCGA Survival Cox PH Hazards Bridge.
2026-06-26 19:18:20,280 - curvature_robustness - INFO -     [Pipeline] 2026-06-26 19:18:20,279 - curvature_pipeline - INFO -     - TCGA bridge complete (0 nominally significant survival associations found).
2026-06-26 19:18:20,282 - curvature_robustness - INFO -     [Pipeline] 2026-06-26 19:18:20,281 - curvature_pipeline - INFO -     - Schoenfeld diagnostics saved; PH flags observed in 1 cohort(s).
2026-06-26 19:18:20,282 - curvature_robustness - INFO -     [Pipeline] 2026-06-26 19:18:20,282 - curvature_pipeline - INFO -
2026-06-26 19:18:20,282 - curvature_robustness - INFO -     [Pipeline] - Tier 2: Validating via Independent Sanger/COSMIC Cohorts...
2026-06-26 19:18:43,647 - curvature_robustness - INFO -     [Pipeline] 2026-06-26 19:18:43,646 - curvature_pipeline - INFO -     - Sanger replication complete (9/11 concordant pairs).
2026-06-26 19:18:43,647 - curvature_robustness - INFO -     [Pipeline] 2026-06-26 19:18:43,646 - curvature_pipeline - INFO -
2026-06-26 19:18:43,647 - curvature_robustness - INFO -     [Pipeline] - Tier 3: Evaluating Pharmacologic Selectivity via PRISM...
2026-06-26 19:18:44,840 - curvature_robustness - INFO -     [Pipeline] 2026-06-26 19:18:44,840 - curvature_pipeline - INFO -     - PRISM bridge complete (12 nominal, 12 FDR-significant).
2026-06-26 19:18:44,841 - curvature_robustness - INFO -     [Pipeline] 2026-06-26 19:18:44,840 - curvature_pipeline - INFO -
2026-06-26 19:18:44,841 - curvature_robustness - INFO -     [Pipeline] Phase 8 complete.
2026-06-26 19:18:44,851 - curvature_robustness - INFO -     [Pipeline] 2026-06-26 19:18:44,851 - curvature_pipeline - INFO -
2026-06-26 19:18:44,851 - curvature_robustness - INFO -     [Pipeline] --- REPRODUCIBILITY COMPLETE ---
2026-06-26 19:18:44,851 - curvature_robustness - INFO -     [Pipeline] 2026-06-26 19:18:44,851 - curvature_pipeline - INFO - Primary Endpoint: results/tables/tight_null_framework_summary.parquet
2026-06-26 19:18:45,024 - curvature_robustness - INFO -   - Executing Validation with /Users/jiyunlee/Desktop/project/curvature/configs/temp_config_min_mut_5.json...
2026-06-26 19:18:46,759 - curvature_robustness - INFO -     [Validation] 2026-06-26 19:18:46,759 - curvature_validation - INFO - --- Using Custom Config: /Users/jiyunlee/Desktop/project/curvature/configs/temp_config_min_mut_5.json ---
2026-06-26 19:18:46,760 - curvature_robustness - INFO -     [Validation] 2026-06-26 19:18:46,760 - curvature_validation - INFO - --- Validation Preflight Check ---
2026-06-26 19:18:46,760 - curvature_robustness - INFO -     [Validation] 2026-06-26 19:18:46,760 - curvature_validation - INFO -
2026-06-26 19:18:46,760 - curvature_robustness - INFO -     [Validation] --- Tier 1: Independent CRISPR Replication (Sanger) ---
2026-06-26 19:19:10,548 - curvature_robustness - INFO -     [Validation] 2026-06-26 19:19:10,547 - curvature_validation - INFO -   - Sanger complete. Concordance: 9/11, Meta-P: 0.00019, P_neg: 0.9880, R-hat: 1.000
2026-06-26 19:19:10,555 - curvature_robustness - INFO -     [Validation] 2026-06-26 19:19:10,555 - curvature_validation - INFO -
2026-06-26 19:19:10,555 - curvature_robustness - INFO -     [Validation] --- Tier 1: Independent CRISPR Replication (DepMap 25Q3) ---
2026-06-26 19:19:14,165 - curvature_robustness - INFO -     [Validation] 2026-06-26 19:19:14,165 - curvature_validation - INFO -   - 25Q3 complete. Concordance: 11/11, Meta-P: 0.00000, P_neg: 0.9980, R-hat: 1.000
2026-06-26 19:19:14,168 - curvature_robustness - INFO -     [Validation] 2026-06-26 19:19:14,167 - curvature_validation - INFO -
2026-06-26 19:19:14,168 - curvature_robustness - INFO -     [Validation] --- Tier 3: Pharmacologic Bridge (PRISM) ---
2026-06-26 19:19:15,358 - curvature_robustness - INFO -     [Validation] 2026-06-26 19:19:15,358 - curvature_validation - INFO -   - PRISM complete. Significant hits: 12 nominal, 12 FDR-significant
2026-06-26 19:19:15,362 - curvature_robustness - INFO -     [Validation] 2026-06-26 19:19:15,361 - curvature_validation - INFO -
2026-06-26 19:19:15,362 - curvature_robustness - INFO -     [Validation] --- Benchmark: HLRC vs Standard Graph Metrics ---
2026-06-26 19:19:52,804 - curvature_robustness - INFO -     [Validation] 2026-06-26 19:19:52,804 - curvature_validation - INFO -   - Benchmark tables written to results/tables/graph_metric_benchmark_*.parquet
2026-06-26 19:19:52,811 - curvature_robustness - INFO -     [Validation] 2026-06-26 19:19:52,811 - curvature_validation - INFO -
2026-06-26 19:19:52,811 - curvature_robustness - INFO -     [Validation] --- Continuous Validation Meta-Analysis ---
2026-06-26 19:19:53,059 - curvature_robustness - INFO - 
>>> Running Robustness Experiment: min_mut_10
2026-06-26 19:19:53,060 - curvature_robustness - INFO -   - Executing Pipeline with /Users/jiyunlee/Desktop/project/curvature/configs/temp_config_min_mut_10.json...
2026-06-26 19:19:54,760 - curvature_robustness - INFO -     [Pipeline] 2026-06-26 19:19:54,760 - curvature_pipeline - INFO - --- Using Custom Config: /Users/jiyunlee/Desktop/project/curvature/configs/temp_config_min_mut_10.json ---
2026-06-26 19:19:54,760 - curvature_robustness - INFO -     [Pipeline] 2026-06-26 19:19:54,760 - curvature_pipeline - INFO - --- Phase 0: Preflight Checks ---
2026-06-26 19:19:54,760 - curvature_robustness - INFO -     [Pipeline] 2026-06-26 19:19:54,760 - curvature_pipeline - INFO - Preflight complete. All required files found.
2026-06-26 19:19:54,760 - curvature_robustness - INFO -     [Pipeline] 2026-06-26 19:19:54,760 - curvature_pipeline - INFO - --- Phase 1: First Pass & Data Audit ---
2026-06-26 19:20:08,226 - curvature_robustness - INFO -     [Pipeline] 2026-06-26 19:20:08,226 - curvature_lib - INFO -   - Computing HLRC for 4985 hyperedges...
2026-06-26 19:20:08,330 - curvature_robustness - INFO -     [Pipeline] 2026-06-26 19:20:08,330 - curvature_pipeline - INFO - Phase 1 complete.
2026-06-26 19:20:08,345 - curvature_robustness - INFO -     [Pipeline] 2026-06-26 19:20:08,345 - curvature_pipeline - INFO - --- Phase 2: Building External Topologies ---
2026-06-26 19:20:13,532 - curvature_robustness - INFO -     [Pipeline] 2026-06-26 19:20:13,532 - curvature_lib - INFO -   - Finding maximal cliques for 10315 nodes and 79290 edges (backbone=False)...
2026-06-26 19:20:15,305 - curvature_robustness - INFO -     [Pipeline] 2026-06-26 19:20:15,305 - curvature_lib - INFO -   - Computing HLRC for 16693 hyperedges...
2026-06-26 19:20:16,062 - curvature_robustness - INFO -     [Pipeline] 2026-06-26 19:20:16,062 - curvature_lib - INFO -   - Computing HLRC for 773 hyperedges...
2026-06-26 19:20:16,196 - curvature_robustness - INFO -     [Pipeline] 2026-06-26 19:20:16,196 - curvature_pipeline - INFO - Phase 2 complete.
2026-06-26 19:20:16,201 - curvature_robustness - INFO -     [Pipeline] 2026-06-26 19:20:16,201 - curvature_pipeline - INFO - --- Phase 3: Systematic Discovery ---
2026-06-26 19:20:16,782 - curvature_robustness - INFO -     [Pipeline] 2026-06-26 19:20:16,782 - curvature_pipeline - INFO -   - Filtering 18531 pan-essential genes from partners.
2026-06-26 19:20:22,568 - curvature_robustness - INFO -     [Pipeline] 2026-06-26 19:20:22,568 - curvature_pipeline - INFO - Phase 3 complete.
2026-06-26 19:20:22,571 - curvature_robustness - INFO -     [Pipeline] 2026-06-26 19:20:22,570 - curvature_pipeline - INFO - --- Phase 4: Topology Replication Evaluation ---
2026-06-26 19:20:27,741 - curvature_robustness - INFO -     [Pipeline] 2026-06-26 19:20:27,740 - curvature_pipeline - INFO - Phase 4 complete.
2026-06-26 19:20:27,783 - curvature_robustness - INFO -     [Pipeline] 2026-06-26 19:20:27,783 - curvature_pipeline - INFO - --- Phase 5: Phase 13 Cross-Topology Audit ---
2026-06-26 19:20:27,805 - curvature_robustness - INFO -     [Pipeline] 2026-06-26 19:20:27,805 - curvature_lib - INFO -   - Smoke test passed for Threshold-passing discovery pairs (229 rows)
2026-06-26 19:20:27,856 - curvature_robustness - INFO -     [Pipeline] 2026-06-26 19:20:27,856 - curvature_lib - INFO -   - Smoke test passed for Overlap families (11 rows)
2026-06-26 19:20:27,858 - curvature_robustness - INFO -     [Pipeline] 2026-06-26 19:20:27,858 - curvature_pipeline - INFO - Phase 5 complete. Found 11 cross-topology overlap families.
2026-06-26 19:20:27,861 - curvature_robustness - INFO -     [Pipeline] 2026-06-26 19:20:27,861 - curvature_pipeline - INFO - --- Phase 6: Tight Null Framework & Defensive Ablations ---
2026-06-26 19:20:28,036 - curvature_robustness - INFO -     [Pipeline] 2026-06-26 19:20:28,036 - curvature_pipeline - INFO -   - Null 1: Feature-Matched KDTree Multiple Testing (N=1000 base, adaptive up to 10000)...
2026-06-26 19:20:28,036 - curvature_robustness - INFO -     [Pipeline] 2026-06-26 19:20:28,036 - curvature_pipeline - INFO -     - Testing metric: min_hlrc...
2026-06-26 19:20:28,071 - curvature_robustness - INFO -     [Pipeline] 2026-06-26 19:20:28,071 - curvature_lib - INFO -     - Adaptive step: p_est=0.0370 < 0.05, ramping to 10000 iterations...
2026-06-26 19:20:28,109 - curvature_robustness - INFO -     [Pipeline] 2026-06-26 19:20:28,109 - curvature_pipeline - INFO -     - Testing metric: median_hlrc...
2026-06-26 19:20:28,146 - curvature_robustness - INFO -     [Pipeline] 2026-06-26 19:20:28,146 - curvature_pipeline - INFO -     - Testing metric: mean_hlrc...
2026-06-26 19:20:28,184 - curvature_robustness - INFO -     [Pipeline] 2026-06-26 19:20:28,183 - curvature_pipeline - INFO -     - Testing metric: min_hfrc...
2026-06-26 19:20:28,221 - curvature_robustness - INFO -     [Pipeline] 2026-06-26 19:20:28,220 - curvature_pipeline - INFO -     - Testing metric: median_hfrc...
2026-06-26 19:20:28,258 - curvature_robustness - INFO -     [Pipeline] 2026-06-26 19:20:28,258 - curvature_pipeline - INFO -     - Testing metric: mean_hfrc...
2026-06-26 19:20:28,295 - curvature_robustness - INFO -     [Pipeline] 2026-06-26 19:20:28,295 - curvature_pipeline - INFO -     - Primary Endpoint (min_hlrc) P-value: 0.038396160383961604
2026-06-26 19:20:28,295 - curvature_robustness - INFO -     [Pipeline] 2026-06-26 19:20:28,295 - curvature_pipeline - INFO -     - Secondary Exploratory Metrics (Holm-Adjusted P-values): {'median_hlrc': 0.28471528471528473, 'mean_hlrc': 0.35564435564435565, 'min_hfrc': 1.0, 'median_hfrc': 1.0, 'mean_hfrc': 1.0}
2026-06-26 19:20:28,295 - curvature_robustness - INFO -     [Pipeline] 2026-06-26 19:20:28,295 - curvature_pipeline - INFO -   - Null 1b: Running Jackknife / LOFO analysis on min_hlrc to assess fragility...
2026-06-26 19:20:28,295 - curvature_robustness - INFO -     [Pipeline] 2026-06-26 19:20:28,295 - curvature_pipeline - INFO -     - LOFO: Dropping AP3B2:AP3M2...
2026-06-26 19:20:28,341 - curvature_robustness - INFO -     [Pipeline] 2026-06-26 19:20:28,341 - curvature_pipeline - INFO -     - LOFO: Dropping APC:CTNNB1...
2026-06-26 19:20:28,385 - curvature_robustness - INFO -     [Pipeline] 2026-06-26 19:20:28,385 - curvature_lib - INFO -     - Adaptive step: p_est=0.0440 < 0.05, ramping to 10000 iterations...
2026-06-26 19:20:28,396 - curvature_robustness - INFO -     [Pipeline] 2026-06-26 19:20:28,396 - curvature_pipeline - INFO -     - LOFO: Dropping BRAF:MAP2K1...
2026-06-26 19:20:28,440 - curvature_robustness - INFO -     [Pipeline] 2026-06-26 19:20:28,440 - curvature_lib - INFO -     - Adaptive step: p_est=0.0500 < 0.05, ramping to 10000 iterations...
2026-06-26 19:20:28,451 - curvature_robustness - INFO -     [Pipeline] 2026-06-26 19:20:28,451 - curvature_pipeline - INFO -     - LOFO: Dropping CD151:ITGA6...
2026-06-26 19:20:28,497 - curvature_robustness - INFO -     [Pipeline] 2026-06-26 19:20:28,496 - curvature_pipeline - INFO -     - LOFO: Dropping CREBBP:EP300...
2026-06-26 19:20:28,542 - curvature_robustness - INFO -     [Pipeline] 2026-06-26 19:20:28,542 - curvature_pipeline - INFO -     - LOFO: Dropping CTNNB1:TCF7L2...
2026-06-26 19:20:28,586 - curvature_robustness - INFO -     [Pipeline] 2026-06-26 19:20:28,585 - curvature_lib - INFO -     - Adaptive step: p_est=0.0380 < 0.05, ramping to 10000 iterations...
2026-06-26 19:20:28,597 - curvature_robustness - INFO -     [Pipeline] 2026-06-26 19:20:28,597 - curvature_pipeline - INFO -     - LOFO: Dropping DCP2:XRN1...
2026-06-26 19:20:28,640 - curvature_robustness - INFO -     [Pipeline] 2026-06-26 19:20:28,640 - curvature_lib - INFO -     - Adaptive step: p_est=0.0500 < 0.05, ramping to 10000 iterations...
2026-06-26 19:20:28,652 - curvature_robustness - INFO -     [Pipeline] 2026-06-26 19:20:28,651 - curvature_pipeline - INFO -     - LOFO: Dropping IFT122:WDR35...
2026-06-26 19:20:28,695 - curvature_robustness - INFO -     [Pipeline] 2026-06-26 19:20:28,695 - curvature_lib - INFO -     - Adaptive step: p_est=0.0080 < 0.05, ramping to 10000 iterations...
2026-06-26 19:20:28,706 - curvature_robustness - INFO -     [Pipeline] 2026-06-26 19:20:28,706 - curvature_pipeline - INFO -     - LOFO: Dropping IL2:IL2RG...
2026-06-26 19:20:28,750 - curvature_robustness - INFO -     [Pipeline] 2026-06-26 19:20:28,750 - curvature_lib - INFO -     - Adaptive step: p_est=0.0220 < 0.05, ramping to 10000 iterations...
2026-06-26 19:20:28,761 - curvature_robustness - INFO -     [Pipeline] 2026-06-26 19:20:28,761 - curvature_pipeline - INFO -     - LOFO: Dropping NRAS:SHOC2...
2026-06-26 19:20:28,806 - curvature_robustness - INFO -     [Pipeline] 2026-06-26 19:20:28,806 - curvature_pipeline - INFO -     - LOFO: Dropping SMARCA2:SMARCA4...
2026-06-26 19:20:28,854 - curvature_robustness - INFO -     [Pipeline] 2026-06-26 19:20:28,854 - curvature_pipeline - INFO -     - LOFO P-value range: 0.0081 to 0.0819
2026-06-26 19:20:28,854 - curvature_robustness - INFO -     [Pipeline] 2026-06-26 19:20:28,854 - curvature_pipeline - INFO -   - Null 2: Simple Random Matching (No features)...
2026-06-26 19:20:30,990 - curvature_robustness - INFO -     [Pipeline] 2026-06-26 19:20:30,990 - curvature_pipeline - INFO -   - Null 3: Ablation vs. Hyperedge Size...
2026-06-26 19:20:31,026 - curvature_robustness - INFO -     [Pipeline] 2026-06-26 19:20:31,026 - curvature_pipeline - INFO -   - Null 4: Ablation vs. Max Node Degree...
2026-06-26 19:20:31,063 - curvature_robustness - INFO -     [Pipeline] 2026-06-26 19:20:31,063 - curvature_pipeline - INFO -   - Null 5: Feature Ablations...
2026-06-26 19:20:31,063 - curvature_robustness - INFO -     [Pipeline] 2026-06-26 19:20:31,063 - curvature_pipeline - INFO -     - Dropping log_pair_hyperedge_count...
2026-06-26 19:20:31,097 - curvature_robustness - INFO -     [Pipeline] 2026-06-26 19:20:31,097 - curvature_pipeline - INFO -     - Dropping log_pair_max_node_degree...
2026-06-26 19:20:31,131 - curvature_robustness - INFO -     [Pipeline] 2026-06-26 19:20:31,131 - curvature_pipeline - INFO -     - Dropping log_mean_edge_node_degree...
2026-06-26 19:20:31,164 - curvature_robustness - INFO -     [Pipeline] 2026-06-26 19:20:31,164 - curvature_pipeline - INFO -     - Dropping mean_pair_essentiality...
2026-06-26 19:20:31,197 - curvature_robustness - INFO -     [Pipeline] 2026-06-26 19:20:31,197 - curvature_pipeline - INFO -     - Dropping log_mean_hyperedge_size...
2026-06-26 19:20:31,231 - curvature_robustness - INFO -     [Pipeline] 2026-06-26 19:20:31,230 - curvature_pipeline - INFO -   - Null 6: Bipartite Topology Control (Shuffle)...
2026-06-26 19:21:28,192 - curvature_robustness - INFO -     [Pipeline] 2026-06-26 19:21:28,192 - curvature_lib - INFO -   - Computing HLRC for 16693 hyperedges...
2026-06-26 19:21:29,497 - curvature_robustness - INFO -     [Pipeline] 2026-06-26 19:21:29,497 - curvature_pipeline - INFO -   - Generating Null Calibration Plot...
2026-06-26 19:21:29,751 - curvature_robustness - INFO -     [Pipeline] 2026-06-26 19:21:29,750 - curvature_pipeline - INFO - Phase 6 complete. Primary Endpoint (FM) P = 0.03840
2026-06-26 19:21:29,821 - curvature_robustness - INFO -     [Pipeline] 2026-06-26 19:21:29,821 - curvature_pipeline - INFO - --- Phase 7: Sensitivity Analysis (Backbone On) ---
2026-06-26 19:21:32,625 - curvature_robustness - INFO -     [Pipeline] 2026-06-26 19:21:32,625 - curvature_lib - INFO -   - Finding maximal cliques for 10315 nodes and 79290 edges (backbone=True)...
2026-06-26 19:21:38,690 - curvature_robustness - INFO -     [Pipeline] 2026-06-26 19:21:38,690 - curvature_lib - INFO -   - Computing HLRC for 95983 hyperedges...
2026-06-26 19:21:42,407 - curvature_robustness - INFO -     [Pipeline] 2026-06-26 19:21:42,407 - curvature_pipeline - INFO -   - Sensitivity (Backbone ON) Mean HLRC: Overlap=-0.584, Background=-0.261
2026-06-26 19:21:42,407 - curvature_robustness - INFO -     [Pipeline] 2026-06-26 19:21:42,407 - curvature_pipeline - INFO - Phase 7 complete.
2026-06-26 19:21:42,630 - curvature_robustness - INFO -     [Pipeline] 2026-06-26 19:21:42,629 - curvature_pipeline - INFO - --- Phase 8: Tiered Validation Layers (Patient & Pharmacologic) ---
2026-06-26 19:21:42,630 - curvature_robustness - INFO -     [Pipeline] 2026-06-26 19:21:42,630 - curvature_pipeline - INFO -     - Calculating TMB, Driver Co-occurrences, and cleaning clinical covariates...
2026-06-26 19:21:42,630 - curvature_robustness - INFO -     [Pipeline] 2026-06-26 19:21:42,630 - curvature_pipeline - INFO -
2026-06-26 19:21:42,630 - curvature_robustness - INFO -     [Pipeline] - Tier 1: Executing TCGA Survival Cox PH Hazards Bridge.
2026-06-26 19:21:43,108 - curvature_robustness - INFO -     [Pipeline] 2026-06-26 19:21:43,107 - curvature_pipeline - INFO -     - TCGA bridge complete (0 nominally significant survival associations found).
2026-06-26 19:21:43,109 - curvature_robustness - INFO -     [Pipeline] 2026-06-26 19:21:43,109 - curvature_pipeline - INFO -     - Schoenfeld diagnostics saved; PH flags observed in 1 cohort(s).
2026-06-26 19:21:43,109 - curvature_robustness - INFO -     [Pipeline] 2026-06-26 19:21:43,109 - curvature_pipeline - INFO -
2026-06-26 19:21:43,109 - curvature_robustness - INFO -     [Pipeline] - Tier 2: Validating via Independent Sanger/COSMIC Cohorts...
2026-06-26 19:22:06,405 - curvature_robustness - INFO -     [Pipeline] 2026-06-26 19:22:06,404 - curvature_pipeline - INFO -     - Sanger replication complete (9/10 concordant pairs).
2026-06-26 19:22:06,406 - curvature_robustness - INFO -     [Pipeline] 2026-06-26 19:22:06,405 - curvature_pipeline - INFO -
2026-06-26 19:22:06,406 - curvature_robustness - INFO -     [Pipeline] - Tier 3: Evaluating Pharmacologic Selectivity via PRISM...
2026-06-26 19:22:07,595 - curvature_robustness - INFO -     [Pipeline] 2026-06-26 19:22:07,595 - curvature_pipeline - INFO -     - PRISM bridge complete (12 nominal, 12 FDR-significant).
2026-06-26 19:22:07,595 - curvature_robustness - INFO -     [Pipeline] 2026-06-26 19:22:07,595 - curvature_pipeline - INFO -
2026-06-26 19:22:07,595 - curvature_robustness - INFO -     [Pipeline] Phase 8 complete.
2026-06-26 19:22:07,606 - curvature_robustness - INFO -     [Pipeline] 2026-06-26 19:22:07,606 - curvature_pipeline - INFO -
2026-06-26 19:22:07,606 - curvature_robustness - INFO -     [Pipeline] --- REPRODUCIBILITY COMPLETE ---
2026-06-26 19:22:07,606 - curvature_robustness - INFO -     [Pipeline] 2026-06-26 19:22:07,606 - curvature_pipeline - INFO - Primary Endpoint: results/tables/tight_null_framework_summary.parquet
2026-06-26 19:22:07,917 - curvature_robustness - INFO -   - Executing Validation with /Users/jiyunlee/Desktop/project/curvature/configs/temp_config_min_mut_10.json...
2026-06-26 19:22:09,686 - curvature_robustness - INFO -     [Validation] 2026-06-26 19:22:09,686 - curvature_validation - INFO - --- Using Custom Config: /Users/jiyunlee/Desktop/project/curvature/configs/temp_config_min_mut_10.json ---
2026-06-26 19:22:09,687 - curvature_robustness - INFO -     [Validation] 2026-06-26 19:22:09,687 - curvature_validation - INFO - --- Validation Preflight Check ---
2026-06-26 19:22:09,687 - curvature_robustness - INFO -     [Validation] 2026-06-26 19:22:09,687 - curvature_validation - INFO -
2026-06-26 19:22:09,687 - curvature_robustness - INFO -     [Validation] --- Tier 1: Independent CRISPR Replication (Sanger) ---
2026-06-26 19:22:33,506 - curvature_robustness - INFO -     [Validation] 2026-06-26 19:22:33,505 - curvature_validation - INFO -   - Sanger complete. Concordance: 9/10, Meta-P: 0.00021, P_neg: 0.9888, R-hat: 1.000
2026-06-26 19:22:33,513 - curvature_robustness - INFO -     [Validation] 2026-06-26 19:22:33,512 - curvature_validation - INFO -
2026-06-26 19:22:33,513 - curvature_robustness - INFO -     [Validation] --- Tier 1: Independent CRISPR Replication (DepMap 25Q3) ---
2026-06-26 19:22:37,119 - curvature_robustness - INFO -     [Validation] 2026-06-26 19:22:37,118 - curvature_validation - INFO -   - 25Q3 complete. Concordance: 11/11, Meta-P: 0.00000, P_neg: 0.9980, R-hat: 1.000
2026-06-26 19:22:37,121 - curvature_robustness - INFO -     [Validation] 2026-06-26 19:22:37,121 - curvature_validation - INFO -
2026-06-26 19:22:37,121 - curvature_robustness - INFO -     [Validation] --- Tier 3: Pharmacologic Bridge (PRISM) ---
2026-06-26 19:22:38,321 - curvature_robustness - INFO -     [Validation] 2026-06-26 19:22:38,321 - curvature_validation - INFO -   - PRISM complete. Significant hits: 12 nominal, 12 FDR-significant
2026-06-26 19:22:38,325 - curvature_robustness - INFO -     [Validation] 2026-06-26 19:22:38,324 - curvature_validation - INFO -
2026-06-26 19:22:38,325 - curvature_robustness - INFO -     [Validation] --- Benchmark: HLRC vs Standard Graph Metrics ---
2026-06-26 19:23:15,812 - curvature_robustness - INFO -     [Validation] 2026-06-26 19:23:15,811 - curvature_validation - INFO -   - Benchmark tables written to results/tables/graph_metric_benchmark_*.parquet
2026-06-26 19:23:15,819 - curvature_robustness - INFO -     [Validation] 2026-06-26 19:23:15,819 - curvature_validation - INFO -
2026-06-26 19:23:15,819 - curvature_robustness - INFO -     [Validation] --- Continuous Validation Meta-Analysis ---
2026-06-26 19:23:15,969 - curvature_robustness - INFO - 
>>> Running Robustness Experiment: corum_min_2
2026-06-26 19:23:15,970 - curvature_robustness - INFO -   - Executing Pipeline with /Users/jiyunlee/Desktop/project/curvature/configs/temp_config_corum_min_2.json...
2026-06-26 19:23:17,654 - curvature_robustness - INFO -     [Pipeline] 2026-06-26 19:23:17,654 - curvature_pipeline - INFO - --- Using Custom Config: /Users/jiyunlee/Desktop/project/curvature/configs/temp_config_corum_min_2.json ---
2026-06-26 19:23:17,655 - curvature_robustness - INFO -     [Pipeline] 2026-06-26 19:23:17,654 - curvature_pipeline - INFO - --- Phase 0: Preflight Checks ---
2026-06-26 19:23:17,655 - curvature_robustness - INFO -     [Pipeline] 2026-06-26 19:23:17,655 - curvature_pipeline - INFO - Preflight complete. All required files found.
2026-06-26 19:23:17,655 - curvature_robustness - INFO -     [Pipeline] 2026-06-26 19:23:17,655 - curvature_pipeline - INFO - --- Phase 1: First Pass & Data Audit ---
2026-06-26 19:23:31,197 - curvature_robustness - INFO -     [Pipeline] 2026-06-26 19:23:31,197 - curvature_lib - INFO -   - Computing HLRC for 4985 hyperedges...
2026-06-26 19:23:31,301 - curvature_robustness - INFO -     [Pipeline] 2026-06-26 19:23:31,301 - curvature_pipeline - INFO - Phase 1 complete.
2026-06-26 19:23:31,316 - curvature_robustness - INFO -     [Pipeline] 2026-06-26 19:23:31,316 - curvature_pipeline - INFO - --- Phase 2: Building External Topologies ---
2026-06-26 19:23:36,493 - curvature_robustness - INFO -     [Pipeline] 2026-06-26 19:23:36,493 - curvature_lib - INFO -   - Finding maximal cliques for 10315 nodes and 79290 edges (backbone=False)...
2026-06-26 19:23:38,282 - curvature_robustness - INFO -     [Pipeline] 2026-06-26 19:23:38,282 - curvature_lib - INFO -   - Computing HLRC for 16693 hyperedges...
2026-06-26 19:23:39,033 - curvature_robustness - INFO -     [Pipeline] 2026-06-26 19:23:39,033 - curvature_lib - INFO -   - Computing HLRC for 773 hyperedges...
2026-06-26 19:23:39,165 - curvature_robustness - INFO -     [Pipeline] 2026-06-26 19:23:39,165 - curvature_pipeline - INFO - Phase 2 complete.
2026-06-26 19:23:39,170 - curvature_robustness - INFO -     [Pipeline] 2026-06-26 19:23:39,170 - curvature_pipeline - INFO - --- Phase 3: Systematic Discovery ---
2026-06-26 19:23:39,757 - curvature_robustness - INFO -     [Pipeline] 2026-06-26 19:23:39,757 - curvature_pipeline - INFO -   - Filtering 18531 pan-essential genes from partners.
2026-06-26 19:23:45,542 - curvature_robustness - INFO -     [Pipeline] 2026-06-26 19:23:45,542 - curvature_pipeline - INFO - Phase 3 complete.
2026-06-26 19:23:45,544 - curvature_robustness - INFO -     [Pipeline] 2026-06-26 19:23:45,544 - curvature_pipeline - INFO - --- Phase 4: Topology Replication Evaluation ---
2026-06-26 19:23:50,762 - curvature_robustness - INFO -     [Pipeline] 2026-06-26 19:23:50,762 - curvature_pipeline - INFO - Phase 4 complete.
2026-06-26 19:23:50,804 - curvature_robustness - INFO -     [Pipeline] 2026-06-26 19:23:50,804 - curvature_pipeline - INFO - --- Phase 5: Phase 13 Cross-Topology Audit ---
2026-06-26 19:23:50,827 - curvature_robustness - INFO -     [Pipeline] 2026-06-26 19:23:50,827 - curvature_lib - INFO -   - Smoke test passed for Threshold-passing discovery pairs (229 rows)
2026-06-26 19:23:50,879 - curvature_robustness - INFO -     [Pipeline] 2026-06-26 19:23:50,879 - curvature_lib - INFO -   - Smoke test passed for Overlap families (11 rows)
2026-06-26 19:23:50,880 - curvature_robustness - INFO -     [Pipeline] 2026-06-26 19:23:50,880 - curvature_pipeline - INFO - Phase 5 complete. Found 11 cross-topology overlap families.
2026-06-26 19:23:50,884 - curvature_robustness - INFO -     [Pipeline] 2026-06-26 19:23:50,883 - curvature_pipeline - INFO - --- Phase 6: Tight Null Framework & Defensive Ablations ---
2026-06-26 19:23:51,080 - curvature_robustness - INFO -     [Pipeline] 2026-06-26 19:23:51,080 - curvature_pipeline - INFO -   - Null 1: Feature-Matched KDTree Multiple Testing (N=1000 base, adaptive up to 10000)...
2026-06-26 19:23:51,081 - curvature_robustness - INFO -     [Pipeline] 2026-06-26 19:23:51,080 - curvature_pipeline - INFO -     - Testing metric: min_hlrc...
2026-06-26 19:23:51,116 - curvature_robustness - INFO -     [Pipeline] 2026-06-26 19:23:51,116 - curvature_lib - INFO -     - Adaptive step: p_est=0.0420 < 0.05, ramping to 10000 iterations...
2026-06-26 19:23:51,128 - curvature_robustness - INFO -     [Pipeline] 2026-06-26 19:23:51,128 - curvature_pipeline - INFO -     - Testing metric: median_hlrc...
2026-06-26 19:23:51,165 - curvature_robustness - INFO -     [Pipeline] 2026-06-26 19:23:51,165 - curvature_pipeline - INFO -     - Testing metric: mean_hlrc...
2026-06-26 19:23:51,202 - curvature_robustness - INFO -     [Pipeline] 2026-06-26 19:23:51,202 - curvature_pipeline - INFO -     - Testing metric: min_hfrc...
2026-06-26 19:23:51,240 - curvature_robustness - INFO -     [Pipeline] 2026-06-26 19:23:51,240 - curvature_pipeline - INFO -     - Testing metric: median_hfrc...
2026-06-26 19:23:51,277 - curvature_robustness - INFO -     [Pipeline] 2026-06-26 19:23:51,277 - curvature_pipeline - INFO -     - Testing metric: mean_hfrc...
2026-06-26 19:23:51,315 - curvature_robustness - INFO -     [Pipeline] 2026-06-26 19:23:51,315 - curvature_pipeline - INFO -     - Primary Endpoint (min_hlrc) P-value: 0.0332966703329667
2026-06-26 19:23:51,315 - curvature_robustness - INFO -     [Pipeline] 2026-06-26 19:23:51,315 - curvature_pipeline - INFO -     - Secondary Exploratory Metrics (Holm-Adjusted P-values): {'median_hlrc': 0.2647352647352647, 'mean_hlrc': 0.3756243756243756, 'min_hfrc': 1.0, 'median_hfrc': 1.0, 'mean_hfrc': 1.0}
2026-06-26 19:23:51,315 - curvature_robustness - INFO -     [Pipeline] 2026-06-26 19:23:51,315 - curvature_pipeline - INFO -   - Null 1b: Running Jackknife / LOFO analysis on min_hlrc to assess fragility...
2026-06-26 19:23:51,315 - curvature_robustness - INFO -     [Pipeline] 2026-06-26 19:23:51,315 - curvature_pipeline - INFO -     - LOFO: Dropping AP3B2:AP3M2...
2026-06-26 19:23:51,360 - curvature_robustness - INFO -     [Pipeline] 2026-06-26 19:23:51,360 - curvature_pipeline - INFO -     - LOFO: Dropping APC:CTNNB1...
2026-06-26 19:23:51,406 - curvature_robustness - INFO -     [Pipeline] 2026-06-26 19:23:51,405 - curvature_pipeline - INFO -     - LOFO: Dropping BRAF:MAP2K1...
2026-06-26 19:23:51,450 - curvature_robustness - INFO -     [Pipeline] 2026-06-26 19:23:51,450 - curvature_lib - INFO -     - Adaptive step: p_est=0.0350 < 0.05, ramping to 10000 iterations...
2026-06-26 19:23:51,461 - curvature_robustness - INFO -     [Pipeline] 2026-06-26 19:23:51,461 - curvature_pipeline - INFO -     - LOFO: Dropping CD151:ITGA6...
2026-06-26 19:23:51,507 - curvature_robustness - INFO -     [Pipeline] 2026-06-26 19:23:51,507 - curvature_pipeline - INFO -     - LOFO: Dropping CREBBP:EP300...
2026-06-26 19:23:51,552 - curvature_robustness - INFO -     [Pipeline] 2026-06-26 19:23:51,552 - curvature_pipeline - INFO -     - LOFO: Dropping CTNNB1:TCF7L2...
2026-06-26 19:23:51,596 - curvature_robustness - INFO -     [Pipeline] 2026-06-26 19:23:51,596 - curvature_lib - INFO -     - Adaptive step: p_est=0.0380 < 0.05, ramping to 10000 iterations...
2026-06-26 19:23:51,607 - curvature_robustness - INFO -     [Pipeline] 2026-06-26 19:23:51,607 - curvature_pipeline - INFO -     - LOFO: Dropping DCP2:XRN1...
2026-06-26 19:23:51,652 - curvature_robustness - INFO -     [Pipeline] 2026-06-26 19:23:51,652 - curvature_pipeline - INFO -     - LOFO: Dropping IFT122:WDR35...
2026-06-26 19:23:51,696 - curvature_robustness - INFO -     [Pipeline] 2026-06-26 19:23:51,696 - curvature_lib - INFO -     - Adaptive step: p_est=0.0090 < 0.05, ramping to 10000 iterations...
2026-06-26 19:23:51,708 - curvature_robustness - INFO -     [Pipeline] 2026-06-26 19:23:51,707 - curvature_pipeline - INFO -     - LOFO: Dropping IL2:IL2RG...
2026-06-26 19:23:51,751 - curvature_robustness - INFO -     [Pipeline] 2026-06-26 19:23:51,751 - curvature_lib - INFO -     - Adaptive step: p_est=0.0200 < 0.05, ramping to 10000 iterations...
2026-06-26 19:23:51,762 - curvature_robustness - INFO -     [Pipeline] 2026-06-26 19:23:51,762 - curvature_pipeline - INFO -     - LOFO: Dropping NRAS:SHOC2...
2026-06-26 19:23:51,808 - curvature_robustness - INFO -     [Pipeline] 2026-06-26 19:23:51,808 - curvature_pipeline - INFO -     - LOFO: Dropping SMARCA2:SMARCA4...
2026-06-26 19:23:51,855 - curvature_robustness - INFO -     [Pipeline] 2026-06-26 19:23:51,855 - curvature_pipeline - INFO -     - LOFO P-value range: 0.0072 to 0.0829
2026-06-26 19:23:51,855 - curvature_robustness - INFO -     [Pipeline] 2026-06-26 19:23:51,855 - curvature_pipeline - INFO -   - Null 2: Simple Random Matching (No features)...
2026-06-26 19:23:53,994 - curvature_robustness - INFO -     [Pipeline] 2026-06-26 19:23:53,994 - curvature_pipeline - INFO -   - Null 3: Ablation vs. Hyperedge Size...
2026-06-26 19:23:54,030 - curvature_robustness - INFO -     [Pipeline] 2026-06-26 19:23:54,030 - curvature_pipeline - INFO -   - Null 4: Ablation vs. Max Node Degree...
2026-06-26 19:23:54,066 - curvature_robustness - INFO -     [Pipeline] 2026-06-26 19:23:54,066 - curvature_pipeline - INFO -   - Null 5: Feature Ablations...
2026-06-26 19:23:54,067 - curvature_robustness - INFO -     [Pipeline] 2026-06-26 19:23:54,066 - curvature_pipeline - INFO -     - Dropping log_pair_hyperedge_count...
2026-06-26 19:23:54,101 - curvature_robustness - INFO -     [Pipeline] 2026-06-26 19:23:54,101 - curvature_pipeline - INFO -     - Dropping log_pair_max_node_degree...
2026-06-26 19:23:54,135 - curvature_robustness - INFO -     [Pipeline] 2026-06-26 19:23:54,135 - curvature_pipeline - INFO -     - Dropping log_mean_edge_node_degree...
2026-06-26 19:23:54,169 - curvature_robustness - INFO -     [Pipeline] 2026-06-26 19:23:54,168 - curvature_pipeline - INFO -     - Dropping mean_pair_essentiality...
2026-06-26 19:23:54,201 - curvature_robustness - INFO -     [Pipeline] 2026-06-26 19:23:54,201 - curvature_pipeline - INFO -     - Dropping log_mean_hyperedge_size...
2026-06-26 19:23:54,235 - curvature_robustness - INFO -     [Pipeline] 2026-06-26 19:23:54,234 - curvature_pipeline - INFO -   - Null 6: Bipartite Topology Control (Shuffle)...
2026-06-26 19:24:32,511 - curvature_robustness - INFO -     [Pipeline] 2026-06-26 19:24:32,510 - curvature_lib - INFO -   - Computing HLRC for 16693 hyperedges...
2026-06-26 19:24:33,806 - curvature_robustness - INFO -     [Pipeline] 2026-06-26 19:24:33,806 - curvature_pipeline - INFO -   - Generating Null Calibration Plot...
2026-06-26 19:24:34,063 - curvature_robustness - INFO -     [Pipeline] 2026-06-26 19:24:34,063 - curvature_pipeline - INFO - Phase 6 complete. Primary Endpoint (FM) P = 0.03330
2026-06-26 19:24:34,133 - curvature_robustness - INFO -     [Pipeline] 2026-06-26 19:24:34,133 - curvature_pipeline - INFO - --- Phase 7: Sensitivity Analysis (Backbone On) ---
2026-06-26 19:24:36,911 - curvature_robustness - INFO -     [Pipeline] 2026-06-26 19:24:36,911 - curvature_lib - INFO -   - Finding maximal cliques for 10315 nodes and 79290 edges (backbone=True)...
2026-06-26 19:24:43,007 - curvature_robustness - INFO -     [Pipeline] 2026-06-26 19:24:43,007 - curvature_lib - INFO -   - Computing HLRC for 95983 hyperedges...
2026-06-26 19:24:46,720 - curvature_robustness - INFO -     [Pipeline] 2026-06-26 19:24:46,720 - curvature_pipeline - INFO -   - Sensitivity (Backbone ON) Mean HLRC: Overlap=-0.584, Background=-0.261
2026-06-26 19:24:46,721 - curvature_robustness - INFO -     [Pipeline] 2026-06-26 19:24:46,720 - curvature_pipeline - INFO - Phase 7 complete.
2026-06-26 19:24:46,923 - curvature_robustness - INFO -     [Pipeline] 2026-06-26 19:24:46,923 - curvature_pipeline - INFO - --- Phase 8: Tiered Validation Layers (Patient & Pharmacologic) ---
2026-06-26 19:24:46,924 - curvature_robustness - INFO -     [Pipeline] 2026-06-26 19:24:46,923 - curvature_pipeline - INFO -     - Calculating TMB, Driver Co-occurrences, and cleaning clinical covariates...
2026-06-26 19:24:46,924 - curvature_robustness - INFO -     [Pipeline] 2026-06-26 19:24:46,923 - curvature_pipeline - INFO -
2026-06-26 19:24:46,924 - curvature_robustness - INFO -     [Pipeline] - Tier 1: Executing TCGA Survival Cox PH Hazards Bridge.
2026-06-26 19:24:47,405 - curvature_robustness - INFO -     [Pipeline] 2026-06-26 19:24:47,405 - curvature_pipeline - INFO -     - TCGA bridge complete (0 nominally significant survival associations found).
2026-06-26 19:24:47,406 - curvature_robustness - INFO -     [Pipeline] 2026-06-26 19:24:47,406 - curvature_pipeline - INFO -     - Schoenfeld diagnostics saved; PH flags observed in 1 cohort(s).
2026-06-26 19:24:47,407 - curvature_robustness - INFO -     [Pipeline] 2026-06-26 19:24:47,406 - curvature_pipeline - INFO -
2026-06-26 19:24:47,407 - curvature_robustness - INFO -     [Pipeline] - Tier 2: Validating via Independent Sanger/COSMIC Cohorts...
2026-06-26 19:25:10,978 - curvature_robustness - INFO -     [Pipeline] 2026-06-26 19:25:10,977 - curvature_pipeline - INFO -     - Sanger replication complete (9/10 concordant pairs).
2026-06-26 19:25:10,978 - curvature_robustness - INFO -     [Pipeline] 2026-06-26 19:25:10,977 - curvature_pipeline - INFO -
2026-06-26 19:25:10,978 - curvature_robustness - INFO -     [Pipeline] - Tier 3: Evaluating Pharmacologic Selectivity via PRISM...
2026-06-26 19:25:12,174 - curvature_robustness - INFO -     [Pipeline] 2026-06-26 19:25:12,173 - curvature_pipeline - INFO -     - PRISM bridge complete (12 nominal, 12 FDR-significant).
2026-06-26 19:25:12,174 - curvature_robustness - INFO -     [Pipeline] 2026-06-26 19:25:12,174 - curvature_pipeline - INFO -
2026-06-26 19:25:12,174 - curvature_robustness - INFO -     [Pipeline] Phase 8 complete.
2026-06-26 19:25:12,184 - curvature_robustness - INFO -     [Pipeline] 2026-06-26 19:25:12,184 - curvature_pipeline - INFO -
2026-06-26 19:25:12,185 - curvature_robustness - INFO -     [Pipeline] --- REPRODUCIBILITY COMPLETE ---
2026-06-26 19:25:12,185 - curvature_robustness - INFO -     [Pipeline] 2026-06-26 19:25:12,184 - curvature_pipeline - INFO - Primary Endpoint: results/tables/tight_null_framework_summary.parquet
2026-06-26 19:25:12,369 - curvature_robustness - INFO -   - Executing Validation with /Users/jiyunlee/Desktop/project/curvature/configs/temp_config_corum_min_2.json...
2026-06-26 19:25:14,115 - curvature_robustness - INFO -     [Validation] 2026-06-26 19:25:14,115 - curvature_validation - INFO - --- Using Custom Config: /Users/jiyunlee/Desktop/project/curvature/configs/temp_config_corum_min_2.json ---
2026-06-26 19:25:14,115 - curvature_robustness - INFO -     [Validation] 2026-06-26 19:25:14,115 - curvature_validation - INFO - --- Validation Preflight Check ---
2026-06-26 19:25:14,115 - curvature_robustness - INFO -     [Validation] 2026-06-26 19:25:14,115 - curvature_validation - INFO -
2026-06-26 19:25:14,115 - curvature_robustness - INFO -     [Validation] --- Tier 1: Independent CRISPR Replication (Sanger) ---
2026-06-26 19:25:37,881 - curvature_robustness - INFO -     [Validation] 2026-06-26 19:25:37,880 - curvature_validation - INFO -   - Sanger complete. Concordance: 9/10, Meta-P: 0.00021, P_neg: 0.9888, R-hat: 1.000
2026-06-26 19:25:37,887 - curvature_robustness - INFO -     [Validation] 2026-06-26 19:25:37,887 - curvature_validation - INFO -
2026-06-26 19:25:37,888 - curvature_robustness - INFO -     [Validation] --- Tier 1: Independent CRISPR Replication (DepMap 25Q3) ---
2026-06-26 19:25:41,512 - curvature_robustness - INFO -     [Validation] 2026-06-26 19:25:41,512 - curvature_validation - INFO -   - 25Q3 complete. Concordance: 11/11, Meta-P: 0.00000, P_neg: 0.9980, R-hat: 1.000
2026-06-26 19:25:41,515 - curvature_robustness - INFO -     [Validation] 2026-06-26 19:25:41,515 - curvature_validation - INFO -
2026-06-26 19:25:41,515 - curvature_robustness - INFO -     [Validation] --- Tier 3: Pharmacologic Bridge (PRISM) ---
2026-06-26 19:25:42,706 - curvature_robustness - INFO -     [Validation] 2026-06-26 19:25:42,706 - curvature_validation - INFO -   - PRISM complete. Significant hits: 12 nominal, 12 FDR-significant
2026-06-26 19:25:42,709 - curvature_robustness - INFO -     [Validation] 2026-06-26 19:25:42,709 - curvature_validation - INFO -
2026-06-26 19:25:42,709 - curvature_robustness - INFO -     [Validation] --- Benchmark: HLRC vs Standard Graph Metrics ---
2026-06-26 19:26:20,536 - curvature_robustness - INFO -     [Validation] 2026-06-26 19:26:20,536 - curvature_validation - INFO -   - Benchmark tables written to results/tables/graph_metric_benchmark_*.parquet
2026-06-26 19:26:20,544 - curvature_robustness - INFO -     [Validation] 2026-06-26 19:26:20,544 - curvature_validation - INFO -
2026-06-26 19:26:20,544 - curvature_robustness - INFO -     [Validation] --- Continuous Validation Meta-Analysis ---
2026-06-26 19:26:20,700 - curvature_robustness - INFO - 
>>> Running Robustness Experiment: corum_min_3
2026-06-26 19:26:20,700 - curvature_robustness - INFO -   - Executing Pipeline with /Users/jiyunlee/Desktop/project/curvature/configs/temp_config_corum_min_3.json...
2026-06-26 19:26:22,420 - curvature_robustness - INFO -     [Pipeline] 2026-06-26 19:26:22,420 - curvature_pipeline - INFO - --- Using Custom Config: /Users/jiyunlee/Desktop/project/curvature/configs/temp_config_corum_min_3.json ---
2026-06-26 19:26:22,420 - curvature_robustness - INFO -     [Pipeline] 2026-06-26 19:26:22,420 - curvature_pipeline - INFO - --- Phase 0: Preflight Checks ---
2026-06-26 19:26:22,420 - curvature_robustness - INFO -     [Pipeline] 2026-06-26 19:26:22,420 - curvature_pipeline - INFO - Preflight complete. All required files found.
2026-06-26 19:26:22,420 - curvature_robustness - INFO -     [Pipeline] 2026-06-26 19:26:22,420 - curvature_pipeline - INFO - --- Phase 1: First Pass & Data Audit ---
2026-06-26 19:26:36,031 - curvature_robustness - INFO -     [Pipeline] 2026-06-26 19:26:36,031 - curvature_lib - INFO -   - Computing HLRC for 2383 hyperedges...
2026-06-26 19:26:36,085 - curvature_robustness - INFO -     [Pipeline] 2026-06-26 19:26:36,085 - curvature_pipeline - INFO - Phase 1 complete.
2026-06-26 19:26:36,098 - curvature_robustness - INFO -     [Pipeline] 2026-06-26 19:26:36,098 - curvature_pipeline - INFO - --- Phase 2: Building External Topologies ---
2026-06-26 19:26:41,333 - curvature_robustness - INFO -     [Pipeline] 2026-06-26 19:26:41,332 - curvature_lib - INFO -   - Finding maximal cliques for 10315 nodes and 79290 edges (backbone=False)...
2026-06-26 19:26:43,227 - curvature_robustness - INFO -     [Pipeline] 2026-06-26 19:26:43,227 - curvature_lib - INFO -   - Computing HLRC for 16693 hyperedges...
2026-06-26 19:26:43,878 - curvature_robustness - INFO -     [Pipeline] 2026-06-26 19:26:43,877 - curvature_lib - INFO -   - Computing HLRC for 773 hyperedges...
2026-06-26 19:26:44,006 - curvature_robustness - INFO -     [Pipeline] 2026-06-26 19:26:44,005 - curvature_pipeline - INFO - Phase 2 complete.
2026-06-26 19:26:44,011 - curvature_robustness - INFO -     [Pipeline] 2026-06-26 19:26:44,010 - curvature_pipeline - INFO - --- Phase 3: Systematic Discovery ---
2026-06-26 19:26:44,579 - curvature_robustness - INFO -     [Pipeline] 2026-06-26 19:26:44,579 - curvature_pipeline - INFO -   - Filtering 18531 pan-essential genes from partners.
2026-06-26 19:26:50,272 - curvature_robustness - INFO -     [Pipeline] 2026-06-26 19:26:50,272 - curvature_pipeline - INFO - Phase 3 complete.
2026-06-26 19:26:50,275 - curvature_robustness - INFO -     [Pipeline] 2026-06-26 19:26:50,275 - curvature_pipeline - INFO - --- Phase 4: Topology Replication Evaluation ---
2026-06-26 19:26:55,431 - curvature_robustness - INFO -     [Pipeline] 2026-06-26 19:26:55,430 - curvature_pipeline - INFO - Phase 4 complete.
2026-06-26 19:26:55,476 - curvature_robustness - INFO -     [Pipeline] 2026-06-26 19:26:55,476 - curvature_pipeline - INFO - --- Phase 5: Phase 13 Cross-Topology Audit ---
2026-06-26 19:26:55,500 - curvature_robustness - INFO -     [Pipeline] 2026-06-26 19:26:55,500 - curvature_lib - INFO -   - Smoke test passed for Threshold-passing discovery pairs (229 rows)
2026-06-26 19:26:55,550 - curvature_robustness - INFO -     [Pipeline] 2026-06-26 19:26:55,550 - curvature_lib - INFO -   - Smoke test passed for Overlap families (11 rows)
2026-06-26 19:26:55,551 - curvature_robustness - INFO -     [Pipeline] 2026-06-26 19:26:55,551 - curvature_pipeline - INFO - Phase 5 complete. Found 11 cross-topology overlap families.
2026-06-26 19:26:55,554 - curvature_robustness - INFO -     [Pipeline] 2026-06-26 19:26:55,554 - curvature_pipeline - INFO - --- Phase 6: Tight Null Framework & Defensive Ablations ---
2026-06-26 19:26:55,757 - curvature_robustness - INFO -     [Pipeline] 2026-06-26 19:26:55,757 - curvature_pipeline - INFO -   - Null 1: Feature-Matched KDTree Multiple Testing (N=1000 base, adaptive up to 10000)...
2026-06-26 19:26:55,757 - curvature_robustness - INFO -     [Pipeline] 2026-06-26 19:26:55,757 - curvature_pipeline - INFO -     - Testing metric: min_hlrc...
2026-06-26 19:26:55,793 - curvature_robustness - INFO -     [Pipeline] 2026-06-26 19:26:55,793 - curvature_lib - INFO -     - Adaptive step: p_est=0.0390 < 0.05, ramping to 10000 iterations...
2026-06-26 19:26:55,804 - curvature_robustness - INFO -     [Pipeline] 2026-06-26 19:26:55,804 - curvature_pipeline - INFO -     - Testing metric: median_hlrc...
2026-06-26 19:26:55,841 - curvature_robustness - INFO -     [Pipeline] 2026-06-26 19:26:55,841 - curvature_pipeline - INFO -     - Testing metric: mean_hlrc...
2026-06-26 19:26:55,878 - curvature_robustness - INFO -     [Pipeline] 2026-06-26 19:26:55,877 - curvature_pipeline - INFO -     - Testing metric: min_hfrc...
2026-06-26 19:26:55,914 - curvature_robustness - INFO -     [Pipeline] 2026-06-26 19:26:55,914 - curvature_pipeline - INFO -     - Testing metric: median_hfrc...
2026-06-26 19:26:55,951 - curvature_robustness - INFO -     [Pipeline] 2026-06-26 19:26:55,951 - curvature_pipeline - INFO -     - Testing metric: mean_hfrc...
2026-06-26 19:26:55,988 - curvature_robustness - INFO -     [Pipeline] 2026-06-26 19:26:55,988 - curvature_pipeline - INFO -     - Primary Endpoint (min_hlrc) P-value: 0.037196280371962806
2026-06-26 19:26:55,988 - curvature_robustness - INFO -     [Pipeline] 2026-06-26 19:26:55,988 - curvature_pipeline - INFO -     - Secondary Exploratory Metrics (Holm-Adjusted P-values): {'median_hlrc': 0.2947052947052947, 'mean_hlrc': 0.3996003996003996, 'min_hfrc': 1.0, 'median_hfrc': 1.0, 'mean_hfrc': 1.0}
2026-06-26 19:26:55,988 - curvature_robustness - INFO -     [Pipeline] 2026-06-26 19:26:55,988 - curvature_pipeline - INFO -   - Null 1b: Running Jackknife / LOFO analysis on min_hlrc to assess fragility...
2026-06-26 19:26:55,988 - curvature_robustness - INFO -     [Pipeline] 2026-06-26 19:26:55,988 - curvature_pipeline - INFO -     - LOFO: Dropping AP3B2:AP3M2...
2026-06-26 19:26:56,033 - curvature_robustness - INFO -     [Pipeline] 2026-06-26 19:26:56,033 - curvature_pipeline - INFO -     - LOFO: Dropping APC:CTNNB1...
2026-06-26 19:26:56,078 - curvature_robustness - INFO -     [Pipeline] 2026-06-26 19:26:56,078 - curvature_pipeline - INFO -     - LOFO: Dropping BRAF:MAP2K1...
2026-06-26 19:26:56,121 - curvature_robustness - INFO -     [Pipeline] 2026-06-26 19:26:56,121 - curvature_lib - INFO -     - Adaptive step: p_est=0.0370 < 0.05, ramping to 10000 iterations...
2026-06-26 19:26:56,133 - curvature_robustness - INFO -     [Pipeline] 2026-06-26 19:26:56,132 - curvature_pipeline - INFO -     - LOFO: Dropping CD151:ITGA6...
2026-06-26 19:26:56,177 - curvature_robustness - INFO -     [Pipeline] 2026-06-26 19:26:56,177 - curvature_pipeline - INFO -     - LOFO: Dropping CREBBP:EP300...
2026-06-26 19:26:56,221 - curvature_robustness - INFO -     [Pipeline] 2026-06-26 19:26:56,221 - curvature_lib - INFO -     - Adaptive step: p_est=0.0470 < 0.05, ramping to 10000 iterations...
2026-06-26 19:26:56,232 - curvature_robustness - INFO -     [Pipeline] 2026-06-26 19:26:56,232 - curvature_pipeline - INFO -     - LOFO: Dropping CTNNB1:TCF7L2...
2026-06-26 19:26:56,275 - curvature_robustness - INFO -     [Pipeline] 2026-06-26 19:26:56,275 - curvature_lib - INFO -     - Adaptive step: p_est=0.0440 < 0.05, ramping to 10000 iterations...
2026-06-26 19:26:56,286 - curvature_robustness - INFO -     [Pipeline] 2026-06-26 19:26:56,286 - curvature_pipeline - INFO -     - LOFO: Dropping DCP2:XRN1...
2026-06-26 19:26:56,330 - curvature_robustness - INFO -     [Pipeline] 2026-06-26 19:26:56,330 - curvature_lib - INFO -     - Adaptive step: p_est=0.0470 < 0.05, ramping to 10000 iterations...
2026-06-26 19:26:56,341 - curvature_robustness - INFO -     [Pipeline] 2026-06-26 19:26:56,341 - curvature_pipeline - INFO -     - LOFO: Dropping IFT122:WDR35...
2026-06-26 19:26:56,384 - curvature_robustness - INFO -     [Pipeline] 2026-06-26 19:26:56,384 - curvature_lib - INFO -     - Adaptive step: p_est=0.0040 < 0.05, ramping to 10000 iterations...
2026-06-26 19:26:56,395 - curvature_robustness - INFO -     [Pipeline] 2026-06-26 19:26:56,395 - curvature_pipeline - INFO -     - LOFO: Dropping IL2:IL2RG...
2026-06-26 19:26:56,439 - curvature_robustness - INFO -     [Pipeline] 2026-06-26 19:26:56,439 - curvature_lib - INFO -     - Adaptive step: p_est=0.0220 < 0.05, ramping to 10000 iterations...
2026-06-26 19:26:56,450 - curvature_robustness - INFO -     [Pipeline] 2026-06-26 19:26:56,450 - curvature_pipeline - INFO -     - LOFO: Dropping NRAS:SHOC2...
2026-06-26 19:26:56,493 - curvature_robustness - INFO -     [Pipeline] 2026-06-26 19:26:56,493 - curvature_lib - INFO -     - Adaptive step: p_est=0.0460 < 0.05, ramping to 10000 iterations...
2026-06-26 19:26:56,504 - curvature_robustness - INFO -     [Pipeline] 2026-06-26 19:26:56,504 - curvature_pipeline - INFO -     - LOFO: Dropping SMARCA2:SMARCA4...
2026-06-26 19:26:56,550 - curvature_robustness - INFO -     [Pipeline] 2026-06-26 19:26:56,550 - curvature_pipeline - INFO -     - LOFO P-value range: 0.0070 to 0.0859
2026-06-26 19:26:56,551 - curvature_robustness - INFO -     [Pipeline] 2026-06-26 19:26:56,550 - curvature_pipeline - INFO -   - Null 2: Simple Random Matching (No features)...
2026-06-26 19:26:58,790 - curvature_robustness - INFO -     [Pipeline] 2026-06-26 19:26:58,790 - curvature_pipeline - INFO -   - Null 3: Ablation vs. Hyperedge Size...
2026-06-26 19:26:58,826 - curvature_robustness - INFO -     [Pipeline] 2026-06-26 19:26:58,826 - curvature_pipeline - INFO -   - Null 4: Ablation vs. Max Node Degree...
2026-06-26 19:26:58,863 - curvature_robustness - INFO -     [Pipeline] 2026-06-26 19:26:58,863 - curvature_pipeline - INFO -   - Null 5: Feature Ablations...
2026-06-26 19:26:58,863 - curvature_robustness - INFO -     [Pipeline] 2026-06-26 19:26:58,863 - curvature_pipeline - INFO -     - Dropping log_pair_hyperedge_count...
2026-06-26 19:26:58,899 - curvature_robustness - INFO -     [Pipeline] 2026-06-26 19:26:58,899 - curvature_pipeline - INFO -     - Dropping log_pair_max_node_degree...
2026-06-26 19:26:58,933 - curvature_robustness - INFO -     [Pipeline] 2026-06-26 19:26:58,933 - curvature_pipeline - INFO -     - Dropping log_mean_edge_node_degree...
2026-06-26 19:26:58,967 - curvature_robustness - INFO -     [Pipeline] 2026-06-26 19:26:58,967 - curvature_pipeline - INFO -     - Dropping mean_pair_essentiality...
2026-06-26 19:26:58,999 - curvature_robustness - INFO -     [Pipeline] 2026-06-26 19:26:58,999 - curvature_pipeline - INFO -     - Dropping log_mean_hyperedge_size...
2026-06-26 19:26:59,033 - curvature_robustness - INFO -     [Pipeline] 2026-06-26 19:26:59,033 - curvature_pipeline - INFO -   - Null 6: Bipartite Topology Control (Shuffle)...
2026-06-26 19:27:57,638 - curvature_robustness - INFO -     [Pipeline] 2026-06-26 19:27:57,637 - curvature_lib - INFO -   - Computing HLRC for 16693 hyperedges...
2026-06-26 19:27:59,055 - curvature_robustness - INFO -     [Pipeline] 2026-06-26 19:27:59,055 - curvature_pipeline - INFO -   - Generating Null Calibration Plot...
2026-06-26 19:27:59,357 - curvature_robustness - INFO -     [Pipeline] 2026-06-26 19:27:59,357 - curvature_pipeline - INFO - Phase 6 complete. Primary Endpoint (FM) P = 0.03720
2026-06-26 19:27:59,432 - curvature_robustness - INFO -     [Pipeline] 2026-06-26 19:27:59,432 - curvature_pipeline - INFO - --- Phase 7: Sensitivity Analysis (Backbone On) ---
2026-06-26 19:28:02,340 - curvature_robustness - INFO -     [Pipeline] 2026-06-26 19:28:02,340 - curvature_lib - INFO -   - Finding maximal cliques for 10315 nodes and 79290 edges (backbone=True)...
2026-06-26 19:28:08,812 - curvature_robustness - INFO -     [Pipeline] 2026-06-26 19:28:08,812 - curvature_lib - INFO -   - Computing HLRC for 95983 hyperedges...
2026-06-26 19:28:12,769 - curvature_robustness - INFO -     [Pipeline] 2026-06-26 19:28:12,769 - curvature_pipeline - INFO -   - Sensitivity (Backbone ON) Mean HLRC: Overlap=-0.584, Background=-0.261
2026-06-26 19:28:12,769 - curvature_robustness - INFO -     [Pipeline] 2026-06-26 19:28:12,769 - curvature_pipeline - INFO - Phase 7 complete.
2026-06-26 19:28:13,019 - curvature_robustness - INFO -     [Pipeline] 2026-06-26 19:28:13,018 - curvature_pipeline - INFO - --- Phase 8: Tiered Validation Layers (Patient & Pharmacologic) ---
2026-06-26 19:28:13,019 - curvature_robustness - INFO -     [Pipeline] 2026-06-26 19:28:13,019 - curvature_pipeline - INFO -     - Calculating TMB, Driver Co-occurrences, and cleaning clinical covariates...
2026-06-26 19:28:13,019 - curvature_robustness - INFO -     [Pipeline] 2026-06-26 19:28:13,019 - curvature_pipeline - INFO -
2026-06-26 19:28:13,019 - curvature_robustness - INFO -     [Pipeline] - Tier 1: Executing TCGA Survival Cox PH Hazards Bridge.
2026-06-26 19:28:13,500 - curvature_robustness - INFO -     [Pipeline] 2026-06-26 19:28:13,500 - curvature_pipeline - INFO -     - TCGA bridge complete (0 nominally significant survival associations found).
2026-06-26 19:28:13,502 - curvature_robustness - INFO -     [Pipeline] 2026-06-26 19:28:13,502 - curvature_pipeline - INFO -     - Schoenfeld diagnostics saved; PH flags observed in 1 cohort(s).
2026-06-26 19:28:13,503 - curvature_robustness - INFO -     [Pipeline] 2026-06-26 19:28:13,502 - curvature_pipeline - INFO -
2026-06-26 19:28:13,503 - curvature_robustness - INFO -     [Pipeline] - Tier 2: Validating via Independent Sanger/COSMIC Cohorts...
2026-06-26 19:28:37,246 - curvature_robustness - INFO -     [Pipeline] 2026-06-26 19:28:37,245 - curvature_pipeline - INFO -     - Sanger replication complete (9/10 concordant pairs).
2026-06-26 19:28:37,247 - curvature_robustness - INFO -     [Pipeline] 2026-06-26 19:28:37,246 - curvature_pipeline - INFO -
2026-06-26 19:28:37,247 - curvature_robustness - INFO -     [Pipeline] - Tier 3: Evaluating Pharmacologic Selectivity via PRISM...
2026-06-26 19:28:38,449 - curvature_robustness - INFO -     [Pipeline] 2026-06-26 19:28:38,449 - curvature_pipeline - INFO -     - PRISM bridge complete (12 nominal, 12 FDR-significant).
2026-06-26 19:28:38,449 - curvature_robustness - INFO -     [Pipeline] 2026-06-26 19:28:38,449 - curvature_pipeline - INFO -
2026-06-26 19:28:38,449 - curvature_robustness - INFO -     [Pipeline] Phase 8 complete.
2026-06-26 19:28:38,461 - curvature_robustness - INFO -     [Pipeline] 2026-06-26 19:28:38,461 - curvature_pipeline - INFO -
2026-06-26 19:28:38,461 - curvature_robustness - INFO -     [Pipeline] --- REPRODUCIBILITY COMPLETE ---
2026-06-26 19:28:38,461 - curvature_robustness - INFO -     [Pipeline] 2026-06-26 19:28:38,461 - curvature_pipeline - INFO - Primary Endpoint: results/tables/tight_null_framework_summary.parquet
2026-06-26 19:28:38,766 - curvature_robustness - INFO -   - Executing Validation with /Users/jiyunlee/Desktop/project/curvature/configs/temp_config_corum_min_3.json...
2026-06-26 19:28:40,551 - curvature_robustness - INFO -     [Validation] 2026-06-26 19:28:40,551 - curvature_validation - INFO - --- Using Custom Config: /Users/jiyunlee/Desktop/project/curvature/configs/temp_config_corum_min_3.json ---
2026-06-26 19:28:40,551 - curvature_robustness - INFO -     [Validation] 2026-06-26 19:28:40,551 - curvature_validation - INFO - --- Validation Preflight Check ---
2026-06-26 19:28:40,551 - curvature_robustness - INFO -     [Validation] 2026-06-26 19:28:40,551 - curvature_validation - INFO -
2026-06-26 19:28:40,551 - curvature_robustness - INFO -     [Validation] --- Tier 1: Independent CRISPR Replication (Sanger) ---
2026-06-26 19:29:04,723 - curvature_robustness - INFO -     [Validation] 2026-06-26 19:29:04,722 - curvature_validation - INFO -   - Sanger complete. Concordance: 9/10, Meta-P: 0.00021, P_neg: 0.9888, R-hat: 1.000
2026-06-26 19:29:04,731 - curvature_robustness - INFO -     [Validation] 2026-06-26 19:29:04,730 - curvature_validation - INFO -
2026-06-26 19:29:04,731 - curvature_robustness - INFO -     [Validation] --- Tier 1: Independent CRISPR Replication (DepMap 25Q3) ---
2026-06-26 19:29:08,294 - curvature_robustness - INFO -     [Validation] 2026-06-26 19:29:08,294 - curvature_validation - INFO -   - 25Q3 complete. Concordance: 11/11, Meta-P: 0.00000, P_neg: 0.9980, R-hat: 1.000
2026-06-26 19:29:08,297 - curvature_robustness - INFO -     [Validation] 2026-06-26 19:29:08,297 - curvature_validation - INFO -
2026-06-26 19:29:08,297 - curvature_robustness - INFO -     [Validation] --- Tier 3: Pharmacologic Bridge (PRISM) ---
2026-06-26 19:29:09,501 - curvature_robustness - INFO -     [Validation] 2026-06-26 19:29:09,501 - curvature_validation - INFO -   - PRISM complete. Significant hits: 12 nominal, 12 FDR-significant
2026-06-26 19:29:09,505 - curvature_robustness - INFO -     [Validation] 2026-06-26 19:29:09,505 - curvature_validation - INFO -
2026-06-26 19:29:09,505 - curvature_robustness - INFO -     [Validation] --- Benchmark: HLRC vs Standard Graph Metrics ---
2026-06-26 19:29:46,790 - curvature_robustness - INFO -     [Validation] 2026-06-26 19:29:46,790 - curvature_validation - INFO -   - Benchmark tables written to results/tables/graph_metric_benchmark_*.parquet
2026-06-26 19:29:46,797 - curvature_robustness - INFO -     [Validation] 2026-06-26 19:29:46,797 - curvature_validation - INFO -
2026-06-26 19:29:46,797 - curvature_robustness - INFO -     [Validation] --- Continuous Validation Meta-Analysis ---
2026-06-26 19:29:46,948 - curvature_robustness - INFO - 
--- ROBUSTNESS ANALYSIS COMPLETE ---
2026-06-26 19:29:46,951 - curvature_robustness - INFO -          label  sanger_concordance  sanger_p_neg  depmap_concordance  depmap_p_neg  mutation_min_mutant_models  random_seed  corum_min_size
0    min_mut_5            0.818182        0.9880                 1.0         0.998                         5.0           42             NaN
1   min_mut_10            0.900000        0.9888                 1.0         0.998                        10.0           43             NaN
2  corum_min_2            0.900000        0.9888                 1.0         0.998                         NaN           44             2.0
3  corum_min_3            0.900000        0.9888                 1.0         0.998                         NaN           45             3.0
2026-06-26 19:29:46,951 - curvature_robustness - INFO - 
Summary saved to: /Users/jiyunlee/Desktop/project/curvature/results/robustness/robustness_summary.csv
